// Jest Snapshot v1, https://goo.gl/fbAQLP

exports[`getAverageUrbanPopulation returns read error 1`] = `"received is not a function"`;
